gstacks v2.68, executed 2026-03-06 12:15:30 (zlib-1.3.1)
gstacks -P ./stacks --threads 4 --write-alignments -M popmap.txt
Locus/sample distributions will be written to './stacks/gstacks.log.distribs'.

Configuration for this run:
  Input mode: denovo
  Population map: 'popmap.txt'
  Input files: 181, e.g. './stacks/CGTACG_GGAAACATCGTGCAGG.matches.bam'
  Output to: './stacks/'
  Model: marukilow (var_alpha: 0.01, gt_alpha: 0.05)

Reading BAM headers...
Processing all loci...
1%...
2%...
5%...
10%...
20%...
50%...
100%
Input appears to be single-end (no paired-end reads were seen).

Genotyped 94968 loci:
  effective per-sample coverage: mean=11.4x, stdev=2.5x, min=6.7x, max=18.4x
  mean number of sites per locus: 111.2
  a consistent phasing was found for 1955 of out 2361 (82.8%) diploid loci needing phasing

gstacks is done.
