populations v2.68, executed 2026-03-06 12:16:45 (zlib-1.3.1)
populations -P ./stacks --min-samples-per-pop 0.5 --threads 4 --vcf -M popmap.txt
Locus/sample distributions will be written to './stacks/populations.log.distribs'.
populations parameters selected:
  Percent samples limit per population: 0.5
  Locus Population limit: 1
  Percent samples overall: 0
  Minor allele frequency cutoff: 0
  Maximum observed heterozygosity cutoff: 1
  Applying Fst correction: none.
  Pi/Fis kernel smoothing: off
  F-stats kernel smoothing: off
  Bootstrap resampling: off

Parsing population map...
The population map contained 181 samples, 4 population(s), 1 group(s).
Working on 181 samples.
Working on 4 population(s):
    Six_Rivers_NF: CGTACG_GGAAACATCGTGCAGG, CGTACG_GGAACAACCATGCAGG, CGTACG_GGAACCGAGATGCAGG, CGTACG_GGAACGCTTATGCAGG, CGTACG_GGAAGACGGATGCAGG, 
                   CGTACG_GGAAGGTACATGCAGG, CGTACG_GGACAAGCTATGCAGG, CGTACG_GGACACAGAATGCAGG, CGTACG_GGACAGCAGATGCAGG, CGTACG_GGACATTGGCTGCAGG, 
                   CGTACG_GGACCACTGTTGCAGG, CGTACG_GGACCTCCAATGCAGG, CGTACG_GGACGCTCGATGCAGG, CGTACG_GGACGTATCATGCAGG, CGTACG_GGACTATGCATGCAGG, 
                   CGTACG_GGAGAGTCAATGCAGG, CGTACG_GGAGATCGCATGCAGG, CGTACG_GGAGCAGGAATGCAGG, CGTACG_GGAGTACAAGTGCAGG, CGTACG_GGAGTCACTATGCAGG, 
                   CGTACG_GGAGTGGTCATGCAGG, CGTACG_GGATGCCTAATGCAGG, CGTACG_GGATTGAGGATGCAGG, CGTACG_GGCAACCACATGCAGG, CGTACG_GGCAATGGAATGCAGG, 
                   CGTACG_GGCAGATCTGTGCAGG, CGTACG_GGCAGCGTTATGCAGG, CGTACG_GGCATACCAATGCAGG, CGTACG_GGCATCAAGTTGCAGG, CGTACG_GGCCAGTTCATGCAGG, 
                   CGTACG_GGCCGAAGTATGCAGG, CGTACG_GGCCGTGAGATGCAGG, CGTACG_GGCCTCCTGATGCAGG, CGTACG_GGCGAACTTATGCAGG, CGTACG_GGCGCATACATGCAGG, 
                   CGTACG_GGCTCAATGATGCAGG, CGTACG_GGCTGAGCCATGCAGG, GAGTGG_GGAATCCGTCTGCAGG, GAGTGG_GGAATGTTGCTGCAGG, GAGTGG_GGACACGAGATGCAGG, 
                   GAGTGG_GGACAGATTCTGCAGG, GAGTGG_GGAGCACCTCTGCAGG, GAGTGG_GGATTGGCTCTGCAGG, GAGTGG_GGCAAGGAGCTGCAGG, GAGTGG_GGCGACTGGATGCAGG, 
                   GAGTGG_GGCGCATACATGCAGG, GAGTGG_GGCGGATTGCTGCAGG, GAGTGG_GGCTAAGGTCTGCAGG, GAGTGG_GGCTCAATGATGCAGG, GAGTGG_GGCTGAGCCATGCAGG, 
                   GAGTGG_GGCTGGCATATGCAGG, GAGTGG_GGGAACAGGCTGCAGG, GAGTGG_GGGAATCTGATGCAGG, GAGTGG_GGGAGCTGAATGCAGG, GAGTGG_GGGATAGACATGCAGG, 
                   GAGTGG_GGGCCACATATGCAGG, GAGTGG_GGGCGAGTAATGCAGG, GAGTGG_GGGCTAACGATGCAGG, GAGTGG_GGGCTCGGTATGCAGG, GAGTGG_GGGGAGAACATGCAGG, 
                   GAGTGG_GGGGTGCGAATGCAGG, GAGTGG_GGGTACGCAATGCAGG, GAGTGG_GGGTCGTAGATGCAGG, GAGTGG_GGGTGTTCTATGCAGG, GAGTGG_GGTAGGATGATGCAGG, 
                   GAGTGG_GGTATCAGCATGCAGG, GAGTGG_GGTCCGTCTATGCAGG, GAGTGG_GGTCTTCACATGCAGG, GAGTGG_GGTGAAGAGATGCAGG, GAGTGG_GGTGGAACAATGCAGG, 
                   GAGTGG_GGTGGCTTCATGCAGG, GAGTGG_GGTGGTGGTATGCAGG, GAGTGG_GGTTCACGCATGCAGG
    Plumas_NF: CGTACG_GGAATGTTGCTGCAGG, CGTACG_GGACACGAGATGCAGG, CGTACG_GGACAGATTCTGCAGG, CGTACG_GGAGTCAAGCTGCAGG, CGTACG_GGATAGCGACTGCAGG, 
               CGTACG_GGCTGGCATATGCAGG, CGTACG_GGGAACAGGCTGCAGG, CGTACG_GGGAATCTGATGCAGG, CGTACG_GGGAGCTGAATGCAGG, CGTACG_GGGCCAAGACTGCAGG, 
               CGTACG_GGGCCACATATGCAGG, CGTACG_GGGCGAGTAATGCAGG, CGTACG_GGGGTGCGAATGCAGG, CGTACG_GGTATCAGCATGCAGG, CGTACG_GGTCCGTCTATGCAGG, 
               CGTACG_GGTCTTCACATGCAGG, CGTACG_GGTGGAACAATGCAGG, CGTACG_GGTGGCTTCATGCAGG, CGTACG_GGTGGTGGTATGCAGG, CGTACG_GGTTCACGCATGCAGG
    Shasta_Trinity_NF: GAGTGG_GGAAACATCGTGCAGG, GAGTGG_GGAACAACCATGCAGG, GAGTGG_GGAACCGAGATGCAGG, GAGTGG_GGAACGAACGTGCAGG, GAGTGG_GGAACGCTTATGCAGG, 
                       GAGTGG_GGAACGTGATTGCAGG, GAGTGG_GGAAGACGGATGCAGG, GAGTGG_GGACAAGCTATGCAGG, GAGTGG_GGACACAGAATGCAGG, GAGTGG_GGACAGCAGATGCAGG, 
                       GAGTGG_GGACATTGGCTGCAGG, GAGTGG_GGACCACTGTTGCAGG, GAGTGG_GGACCTCCAATGCAGG, GAGTGG_GGACGCTCGATGCAGG, GAGTGG_GGACGTATCATGCAGG, 
                       GAGTGG_GGACTATGCATGCAGG, GAGTGG_GGAGAGTCAATGCAGG, GAGTGG_GGAGATCGCATGCAGG, GAGTGG_GGAGCAGGAATGCAGG, GAGTGG_GGAGTACAAGTGCAGG, 
                       GAGTGG_GGAGTCACTATGCAGG, GAGTGG_GGAGTGGTCATGCAGG, GAGTGG_GGATCCTGTATGCAGG, GAGTGG_GGATGCCTAATGCAGG, GAGTGG_GGATTGAGGATGCAGG, 
                       GAGTGG_GGCAACCACATGCAGG, GAGTGG_GGCAATGGAATGCAGG, GAGTGG_GGCACTTCGATGCAGG, GAGTGG_GGCAGATCTGTGCAGG, GAGTGG_GGCAGCGTTATGCAGG, 
                       GAGTGG_GGCATACCAATGCAGG, GAGTGG_GGCATCAAGTTGCAGG, GAGTGG_GGCCAGTTCATGCAGG, GAGTGG_GGCCGAAGTATGCAGG, GAGTGG_GGCCGTGAGATGCAGG, 
                       GAGTGG_GGCCTCCTGATGCAGG, GAGTGG_GGCGAACTTATGCAGG, GTTTCG_GGAAACATCGTGCAGG, GTTTCG_GGAACAACCATGCAGG, GTTTCG_GGAACGAACGTGCAGG, 
                       GTTTCG_GGAACGCTTATGCAGG, GTTTCG_GGAACGTGATTGCAGG, GTTTCG_GGAAGACGGATGCAGG, GTTTCG_GGAAGGTACATGCAGG, GTTTCG_GGACAAGCTATGCAGG, 
                       GTTTCG_GGACATTGGCTGCAGG, GTTTCG_GGACCACTGTTGCAGG, GTTTCG_GGACCTCCAATGCAGG, GTTTCG_GGAGAGTCAATGCAGG, GTTTCG_GGAGATCGCATGCAGG, 
                       GTTTCG_GGAGCAGGAATGCAGG, GTTTCG_GGAGTACAAGTGCAGG, GTTTCG_GGAGTCACTATGCAGG, GTTTCG_GGAGTGGTCATGCAGG, GTTTCG_GGATCCTGTATGCAGG, 
                       GTTTCG_GGATGCCTAATGCAGG, GTTTCG_GGATTGAGGATGCAGG, GTTTCG_GGCAACCACATGCAGG, GTTTCG_GGCAGATCTGTGCAGG, GTTTCG_GGCATCAAGTTGCAGG, 
                       GTTTCG_GGCCAGTTCATGCAGG, GTTTCG_GGCCGTGAGATGCAGG, GTTTCG_GGCGAACTTATGCAGG, GTTTCG_GGCGACTGGATGCAGG, GTTTCG_GGCGCATACATGCAGG, 
                       GTTTCG_GGCGCTGATCTGCAGG, GTTTCG_GGCTCAATGATGCAGG, GTTTCG_GGCTGAGCCATGCAGG, GTTTCG_GGCTGGCATATGCAGG, GTTTCG_GGGAATCTGATGCAGG, 
                       GTTTCG_GGGAGCTGAATGCAGG, GTTTCG_GGGATAGACATGCAGG, GTTTCG_GGGCCACATATGCAGG, GTTTCG_GGGCGAGTAATGCAGG, GTTTCG_GGGCTAACGATGCAGG, 
                       GTTTCG_GGGGAGAACATGCAGG, GTTTCG_GGGTCGTAGATGCAGG, GTTTCG_GGGTCTGTCATGCAGG, GTTTCG_GGGTGTTCTATGCAGG, GTTTCG_GGTAGGATGATGCAGG
    Mendocino_County: GTTTCG_GGACACGAGATGCAGG, GTTTCG_GGTATCAGCATGCAGG, GTTTCG_GGTCCGTCTATGCAGG, GTTTCG_GGTCTTCACATGCAGG, GTTTCG_GGTGAAGAGATGCAGG, 
                      GTTTCG_GGTGGCTTCATGCAGG, GTTTCG_GGTGGTGGTATGCAGG, GTTTCG_GGTTCACGCATGCAGG
Working on 1 group(s) of populations:
    defaultgrp: Six_Rivers_NF, Plumas_NF, Shasta_Trinity_NF, Mendocino_County

SNPs and calls will be written in VCF format to './stacks/populations.snps.vcf'
Haplotypes will be written in VCF format to './stacks/populations.haps.vcf'
Raw haplotypes will be written to './stacks/populations.haplotypes.tsv'
Population-level summary statistics will be written to './stacks/populations.sumstats.tsv'
Population-level haplotype summary statistics will be written to './stacks/populations.hapstats.tsv'

Processing data in batches:
  * load a batch of catalog loci and apply filters
  * compute SNP- and haplotype-wise per-population statistics
  * write the above statistics in the output files
  * export the genotypes/haplotypes in specified format(s)
More details in './stacks/populations.log.distribs'.

Now processing...
Batch 1 

Removed 94849 loci that did not pass sample/population constraints from 94968 loci.
Kept 119 loci, composed of 13615 sites; 605 of those sites were filtered, 301 variant sites remained.
Mean genotyped sites per locus: 109.50bp (stderr 0.25).

Population summary statistics (more detail in populations.sumstats_summary.tsv):
  Six_Rivers_NF: 44.436 samples per locus; pi: 0.17373; all/variant/polymorphic sites: 7649/250/197; private alleles: 56
  Plumas_NF: 12.31 samples per locus; pi: 0.20284; all/variant/polymorphic sites: 3725/126/72; private alleles: 8
  Shasta_Trinity_NF: 47.402 samples per locus; pi: 0.14968; all/variant/polymorphic sites: 5262/184/128; private alleles: 41
  Mendocino_County: 4.1579 samples per locus; pi: 0.28759; all/variant/polymorphic sites: 3189/19/14; private alleles: 0
Populations is done.
