tsv2bam v2.68, executed 2026-03-06 12:15:16 (zlib-1.3.1)
tsv2bam -P ./stacks --threads 4 -M popmap.txt
Configuration for this run:
  Stacks directory: './stacks/'
  Population map: 'popmap.txt'
  Num. samples: 181
  Multithreaded.

Loading the catalog...
Processing sample 'CGTACG_GGAACAACCATGCAGG'...
Processing sample 'CGTACG_GGAAACATCGTGCAGG'...
Processing sample 'CGTACG_GGAACGCTTATGCAGG'...
Processing sample 'CGTACG_GGAACCGAGATGCAGG'...
Processing sample 'CGTACG_GGAAGACGGATGCAGG'...
Processing sample 'CGTACG_GGAAGGTACATGCAGG'...
Processing sample 'CGTACG_GGACAAGCTATGCAGG'...
Processing sample 'CGTACG_GGACACAGAATGCAGG'...
Processing sample 'CGTACG_GGACAGCAGATGCAGG'...
Processing sample 'CGTACG_GGACATTGGCTGCAGG'...
Processing sample 'CGTACG_GGACCACTGTTGCAGG'...
Processing sample 'CGTACG_GGACCTCCAATGCAGG'...
Processing sample 'CGTACG_GGACGCTCGATGCAGG'...
Processing sample 'CGTACG_GGACGTATCATGCAGG'...
Processing sample 'CGTACG_GGACTATGCATGCAGG'...
Processing sample 'CGTACG_GGAGAGTCAATGCAGG'...
Processing sample 'CGTACG_GGAGATCGCATGCAGG'...
Processing sample 'CGTACG_GGAGCAGGAATGCAGG'...
Processing sample 'CGTACG_GGAGTACAAGTGCAGG'...
Processing sample 'CGTACG_GGAGTCACTATGCAGG'...
Processing sample 'CGTACG_GGAGTGGTCATGCAGG'...
Processing sample 'CGTACG_GGATGCCTAATGCAGG'...
Processing sample 'CGTACG_GGATTGAGGATGCAGG'...
Processing sample 'CGTACG_GGCAACCACATGCAGG'...
Processing sample 'CGTACG_GGCAATGGAATGCAGG'...
Processing sample 'CGTACG_GGCAGATCTGTGCAGG'...
Processing sample 'CGTACG_GGCAGCGTTATGCAGG'...
Processing sample 'CGTACG_GGCATACCAATGCAGG'...
Processing sample 'CGTACG_GGCATCAAGTTGCAGG'...
Processing sample 'CGTACG_GGCCAGTTCATGCAGG'...
Processing sample 'CGTACG_GGCCGAAGTATGCAGG'...
Processing sample 'CGTACG_GGCCGTGAGATGCAGG'...
Processing sample 'CGTACG_GGCCTCCTGATGCAGG'...
Processing sample 'CGTACG_GGCGAACTTATGCAGG'...
Processing sample 'CGTACG_GGCGCATACATGCAGG'...
Processing sample 'CGTACG_GGCTCAATGATGCAGG'...
Processing sample 'CGTACG_GGCTGAGCCATGCAGG'...
Processing sample 'GAGTGG_GGAATCCGTCTGCAGG'...
Processing sample 'GAGTGG_GGAATGTTGCTGCAGG'...
Processing sample 'GAGTGG_GGACACGAGATGCAGG'...
Processing sample 'GAGTGG_GGACAGATTCTGCAGG'...
Processing sample 'GAGTGG_GGAGCACCTCTGCAGG'...
Processing sample 'GAGTGG_GGATTGGCTCTGCAGG'...
Processing sample 'GAGTGG_GGCAAGGAGCTGCAGG'...
Processing sample 'GAGTGG_GGCGACTGGATGCAGG'...
Processing sample 'GAGTGG_GGCGCATACATGCAGG'...
Processing sample 'GAGTGG_GGCGGATTGCTGCAGG'...
Processing sample 'GAGTGG_GGCTAAGGTCTGCAGG'...
Processing sample 'GAGTGG_GGCTCAATGATGCAGG'...
Processing sample 'GAGTGG_GGCTGAGCCATGCAGG'...
Processing sample 'GAGTGG_GGCTGGCATATGCAGG'...
Processing sample 'GAGTGG_GGGAACAGGCTGCAGG'...
Processing sample 'GAGTGG_GGGAATCTGATGCAGG'...
Processing sample 'GAGTGG_GGGAGCTGAATGCAGG'...
Processing sample 'GAGTGG_GGGATAGACATGCAGG'...
Processing sample 'GAGTGG_GGGCCACATATGCAGG'...
Processing sample 'GAGTGG_GGGCGAGTAATGCAGG'...
Processing sample 'GAGTGG_GGGCTAACGATGCAGG'...
Processing sample 'GAGTGG_GGGCTCGGTATGCAGG'...
Processing sample 'GAGTGG_GGGGAGAACATGCAGG'...
Processing sample 'GAGTGG_GGGGTGCGAATGCAGG'...
Processing sample 'GAGTGG_GGGTACGCAATGCAGG'...
Processing sample 'GAGTGG_GGGTCGTAGATGCAGG'...
Processing sample 'GAGTGG_GGGTGTTCTATGCAGG'...
Processing sample 'GAGTGG_GGTAGGATGATGCAGG'...
Processing sample 'GAGTGG_GGTATCAGCATGCAGG'...
Processing sample 'GAGTGG_GGTCCGTCTATGCAGG'...
Processing sample 'GAGTGG_GGTCTTCACATGCAGG'...
Processing sample 'GAGTGG_GGTGAAGAGATGCAGG'...
Processing sample 'GAGTGG_GGTGGAACAATGCAGG'...
Processing sample 'GAGTGG_GGTGGCTTCATGCAGG'...
Processing sample 'GAGTGG_GGTGGTGGTATGCAGG'...
Processing sample 'GAGTGG_GGTTCACGCATGCAGG'...
Processing sample 'CGTACG_GGAATGTTGCTGCAGG'...
Processing sample 'CGTACG_GGACACGAGATGCAGG'...
Processing sample 'CGTACG_GGACAGATTCTGCAGG'...
Processing sample 'CGTACG_GGAGTCAAGCTGCAGG'...
Processing sample 'CGTACG_GGATAGCGACTGCAGG'...
Processing sample 'CGTACG_GGCTGGCATATGCAGG'...
Processing sample 'CGTACG_GGGAACAGGCTGCAGG'...
Processing sample 'CGTACG_GGGAATCTGATGCAGG'...
Processing sample 'CGTACG_GGGAGCTGAATGCAGG'...
Processing sample 'CGTACG_GGGCCAAGACTGCAGG'...
Processing sample 'CGTACG_GGGCCACATATGCAGG'...
Processing sample 'CGTACG_GGGCGAGTAATGCAGG'...
Processing sample 'CGTACG_GGGGTGCGAATGCAGG'...
Processing sample 'CGTACG_GGTATCAGCATGCAGG'...
Processing sample 'CGTACG_GGTCCGTCTATGCAGG'...
Processing sample 'CGTACG_GGTCTTCACATGCAGG'...
Processing sample 'CGTACG_GGTGGAACAATGCAGG'...
Processing sample 'CGTACG_GGTGGCTTCATGCAGG'...
Processing sample 'CGTACG_GGTGGTGGTATGCAGG'...
Processing sample 'CGTACG_GGTTCACGCATGCAGG'...
Processing sample 'GAGTGG_GGAAACATCGTGCAGG'...
Processing sample 'GAGTGG_GGAACAACCATGCAGG'...
Processing sample 'GAGTGG_GGAACCGAGATGCAGG'...
Processing sample 'GAGTGG_GGAACGAACGTGCAGG'...
Processing sample 'GAGTGG_GGAACGCTTATGCAGG'...
Processing sample 'GAGTGG_GGAACGTGATTGCAGG'...
Processing sample 'GAGTGG_GGAAGACGGATGCAGG'...
Processing sample 'GAGTGG_GGACAAGCTATGCAGG'...
Processing sample 'GAGTGG_GGACACAGAATGCAGG'...
Processing sample 'GAGTGG_GGACAGCAGATGCAGG'...
Processing sample 'GAGTGG_GGACATTGGCTGCAGG'...
Processing sample 'GAGTGG_GGACCACTGTTGCAGG'...
Processing sample 'GAGTGG_GGACCTCCAATGCAGG'...
Processing sample 'GAGTGG_GGACGCTCGATGCAGG'...
Processing sample 'GAGTGG_GGACGTATCATGCAGG'...
Processing sample 'GAGTGG_GGACTATGCATGCAGG'...
Processing sample 'GAGTGG_GGAGAGTCAATGCAGG'...
Processing sample 'GAGTGG_GGAGATCGCATGCAGG'...
Processing sample 'GAGTGG_GGAGCAGGAATGCAGG'...
Processing sample 'GAGTGG_GGAGTACAAGTGCAGG'...
Processing sample 'GAGTGG_GGAGTCACTATGCAGG'...
Processing sample 'GAGTGG_GGAGTGGTCATGCAGG'...
Processing sample 'GAGTGG_GGATCCTGTATGCAGG'...
Processing sample 'GAGTGG_GGATGCCTAATGCAGG'...
Processing sample 'GAGTGG_GGATTGAGGATGCAGG'...
Processing sample 'GAGTGG_GGCAACCACATGCAGG'...
Processing sample 'GAGTGG_GGCAATGGAATGCAGG'...
Processing sample 'GAGTGG_GGCACTTCGATGCAGG'...
Processing sample 'GAGTGG_GGCAGATCTGTGCAGG'...
Processing sample 'GAGTGG_GGCAGCGTTATGCAGG'...
Processing sample 'GAGTGG_GGCATACCAATGCAGG'...
Processing sample 'GAGTGG_GGCATCAAGTTGCAGG'...
Processing sample 'GAGTGG_GGCCAGTTCATGCAGG'...
Processing sample 'GAGTGG_GGCCGAAGTATGCAGG'...
Processing sample 'GAGTGG_GGCCGTGAGATGCAGG'...
Processing sample 'GAGTGG_GGCCTCCTGATGCAGG'...
Processing sample 'GAGTGG_GGCGAACTTATGCAGG'...
Processing sample 'GTTTCG_GGAAACATCGTGCAGG'...
Processing sample 'GTTTCG_GGAACAACCATGCAGG'...
Processing sample 'GTTTCG_GGAACGAACGTGCAGG'...
Processing sample 'GTTTCG_GGAACGCTTATGCAGG'...
Processing sample 'GTTTCG_GGAACGTGATTGCAGG'...
Processing sample 'GTTTCG_GGAAGACGGATGCAGG'...
Processing sample 'GTTTCG_GGAAGGTACATGCAGG'...
Processing sample 'GTTTCG_GGACAAGCTATGCAGG'...
Processing sample 'GTTTCG_GGACATTGGCTGCAGG'...
Processing sample 'GTTTCG_GGACCACTGTTGCAGG'...
Processing sample 'GTTTCG_GGACCTCCAATGCAGG'...
Processing sample 'GTTTCG_GGAGAGTCAATGCAGG'...
Processing sample 'GTTTCG_GGAGATCGCATGCAGG'...
Processing sample 'GTTTCG_GGAGCAGGAATGCAGG'...
Processing sample 'GTTTCG_GGAGTACAAGTGCAGG'...
Processing sample 'GTTTCG_GGAGTCACTATGCAGG'...
Processing sample 'GTTTCG_GGAGTGGTCATGCAGG'...
Processing sample 'GTTTCG_GGATCCTGTATGCAGG'...
Processing sample 'GTTTCG_GGATGCCTAATGCAGG'...
Processing sample 'GTTTCG_GGATTGAGGATGCAGG'...
Processing sample 'GTTTCG_GGCAACCACATGCAGG'...
Processing sample 'GTTTCG_GGCAGATCTGTGCAGG'...
Processing sample 'GTTTCG_GGCATCAAGTTGCAGG'...
Processing sample 'GTTTCG_GGCCAGTTCATGCAGG'...
Processing sample 'GTTTCG_GGCCGTGAGATGCAGG'...
Processing sample 'GTTTCG_GGCGAACTTATGCAGG'...
Processing sample 'GTTTCG_GGCGACTGGATGCAGG'...
Processing sample 'GTTTCG_GGCGCATACATGCAGG'...
Processing sample 'GTTTCG_GGCGCTGATCTGCAGG'...
Processing sample 'GTTTCG_GGCTCAATGATGCAGG'...
Processing sample 'GTTTCG_GGCTGAGCCATGCAGG'...
Processing sample 'GTTTCG_GGCTGGCATATGCAGG'...
Processing sample 'GTTTCG_GGGAATCTGATGCAGG'...
Processing sample 'GTTTCG_GGGAGCTGAATGCAGG'...
Processing sample 'GTTTCG_GGGATAGACATGCAGG'...
Processing sample 'GTTTCG_GGGCCACATATGCAGG'...
Processing sample 'GTTTCG_GGGCGAGTAATGCAGG'...
Processing sample 'GTTTCG_GGGCTAACGATGCAGG'...
Processing sample 'GTTTCG_GGGGAGAACATGCAGG'...
Processing sample 'GTTTCG_GGGTCGTAGATGCAGG'...
Processing sample 'GTTTCG_GGGTCTGTCATGCAGG'...
Processing sample 'GTTTCG_GGGTGTTCTATGCAGG'...
Processing sample 'GTTTCG_GGTAGGATGATGCAGG'...
Processing sample 'GTTTCG_GGACACGAGATGCAGG'...
Processing sample 'GTTTCG_GGTATCAGCATGCAGG'...
Processing sample 'GTTTCG_GGTCCGTCTATGCAGG'...
Processing sample 'GTTTCG_GGTCTTCACATGCAGG'...
Processing sample 'GTTTCG_GGTGAAGAGATGCAGG'...
Processing sample 'GTTTCG_GGTGGCTTCATGCAGG'...
Processing sample 'GTTTCG_GGTGGTGGTATGCAGG'...
Processing sample 'GTTTCG_GGTTCACGCATGCAGG'...

Sample 'CGTACG_GGAAACATCGTGCAGG': matched 1213 sample loci to 1209 catalog loci; wrote 12516 records.
Sample 'CGTACG_GGAACAACCATGCAGG': matched 1296 sample loci to 1280 catalog loci; wrote 13138 records.
Sample 'CGTACG_GGAACCGAGATGCAGG': matched 1386 sample loci to 1378 catalog loci; wrote 10932 records.
Sample 'CGTACG_GGAACGCTTATGCAGG': matched 1336 sample loci to 1318 catalog loci; wrote 12079 records.
Sample 'CGTACG_GGAAGACGGATGCAGG': matched 1440 sample loci to 1429 catalog loci; wrote 12108 records.
Sample 'CGTACG_GGAAGGTACATGCAGG': matched 1247 sample loci to 1233 catalog loci; wrote 13188 records.
Sample 'CGTACG_GGACAAGCTATGCAGG': matched 1667 sample loci to 1666 catalog loci; wrote 14105 records.
Sample 'CGTACG_GGACACAGAATGCAGG': matched 1373 sample loci to 1353 catalog loci; wrote 12032 records.
Sample 'CGTACG_GGACAGCAGATGCAGG': matched 1299 sample loci to 1289 catalog loci; wrote 11807 records.
Sample 'CGTACG_GGACATTGGCTGCAGG': matched 1066 sample loci to 1053 catalog loci; wrote 13413 records.
Sample 'CGTACG_GGACCACTGTTGCAGG': matched 1249 sample loci to 1243 catalog loci; wrote 15024 records.
Sample 'CGTACG_GGACCTCCAATGCAGG': matched 1410 sample loci to 1393 catalog loci; wrote 11973 records.
Sample 'CGTACG_GGACGCTCGATGCAGG': matched 1337 sample loci to 1316 catalog loci; wrote 10070 records.
Sample 'CGTACG_GGACGTATCATGCAGG': matched 1305 sample loci to 1291 catalog loci; wrote 10981 records.
Sample 'CGTACG_GGACTATGCATGCAGG': matched 1508 sample loci to 1501 catalog loci; wrote 11182 records.
Sample 'CGTACG_GGAGAGTCAATGCAGG': matched 1457 sample loci to 1448 catalog loci; wrote 11596 records.
Sample 'CGTACG_GGAGATCGCATGCAGG': matched 1560 sample loci to 1556 catalog loci; wrote 14472 records.
Sample 'CGTACG_GGAGCAGGAATGCAGG': matched 935 sample loci to 931 catalog loci; wrote 14262 records.
Sample 'CGTACG_GGAGTACAAGTGCAGG': matched 1340 sample loci to 1334 catalog loci; wrote 14131 records.
Sample 'CGTACG_GGAGTCACTATGCAGG': matched 1463 sample loci to 1453 catalog loci; wrote 13192 records.
Sample 'CGTACG_GGAGTGGTCATGCAGG': matched 1282 sample loci to 1267 catalog loci; wrote 11393 records.
Sample 'CGTACG_GGATGCCTAATGCAGG': matched 1140 sample loci to 1133 catalog loci; wrote 13617 records.
Sample 'CGTACG_GGATTGAGGATGCAGG': matched 1547 sample loci to 1537 catalog loci; wrote 14384 records.
Sample 'CGTACG_GGCAACCACATGCAGG': matched 1258 sample loci to 1251 catalog loci; wrote 15155 records.
Sample 'CGTACG_GGCAATGGAATGCAGG': matched 1629 sample loci to 1621 catalog loci; wrote 13664 records.
Sample 'CGTACG_GGCAGATCTGTGCAGG': matched 1299 sample loci to 1292 catalog loci; wrote 15258 records.
Sample 'CGTACG_GGCAGCGTTATGCAGG': matched 951 sample loci to 945 catalog loci; wrote 14752 records.
Sample 'CGTACG_GGCATACCAATGCAGG': matched 1145 sample loci to 1135 catalog loci; wrote 13982 records.
Sample 'CGTACG_GGCATCAAGTTGCAGG': matched 1375 sample loci to 1364 catalog loci; wrote 9953 records.
Sample 'CGTACG_GGCCAGTTCATGCAGG': matched 1411 sample loci to 1401 catalog loci; wrote 14078 records.
Sample 'CGTACG_GGCCGAAGTATGCAGG': matched 1401 sample loci to 1400 catalog loci; wrote 9788 records.
Sample 'CGTACG_GGCCGTGAGATGCAGG': matched 1550 sample loci to 1544 catalog loci; wrote 13716 records.
Sample 'CGTACG_GGCCTCCTGATGCAGG': matched 945 sample loci to 944 catalog loci; wrote 13489 records.
Sample 'CGTACG_GGCGAACTTATGCAGG': matched 1297 sample loci to 1290 catalog loci; wrote 13697 records.
Sample 'CGTACG_GGCGCATACATGCAGG': matched 1672 sample loci to 1663 catalog loci; wrote 14496 records.
Sample 'CGTACG_GGCTCAATGATGCAGG': matched 1367 sample loci to 1362 catalog loci; wrote 11788 records.
Sample 'CGTACG_GGCTGAGCCATGCAGG': matched 1253 sample loci to 1248 catalog loci; wrote 14700 records.
Sample 'GAGTGG_GGAATCCGTCTGCAGG': matched 1422 sample loci to 1406 catalog loci; wrote 12572 records.
Sample 'GAGTGG_GGAATGTTGCTGCAGG': matched 1196 sample loci to 1191 catalog loci; wrote 14597 records.
Sample 'GAGTGG_GGACACGAGATGCAGG': matched 1646 sample loci to 1644 catalog loci; wrote 13570 records.
Sample 'GAGTGG_GGACAGATTCTGCAGG': matched 1443 sample loci to 1433 catalog loci; wrote 12964 records.
Sample 'GAGTGG_GGAGCACCTCTGCAGG': matched 1284 sample loci to 1271 catalog loci; wrote 11947 records.
Sample 'GAGTGG_GGATTGGCTCTGCAGG': matched 1250 sample loci to 1236 catalog loci; wrote 13098 records.
Sample 'GAGTGG_GGCAAGGAGCTGCAGG': matched 1232 sample loci to 1218 catalog loci; wrote 13985 records.
Sample 'GAGTGG_GGCGACTGGATGCAGG': matched 1456 sample loci to 1443 catalog loci; wrote 13789 records.
Sample 'GAGTGG_GGCGCATACATGCAGG': matched 1298 sample loci to 1291 catalog loci; wrote 14337 records.
Sample 'GAGTGG_GGCGGATTGCTGCAGG': matched 1298 sample loci to 1289 catalog loci; wrote 12886 records.
Sample 'GAGTGG_GGCTAAGGTCTGCAGG': matched 1367 sample loci to 1355 catalog loci; wrote 12451 records.
Sample 'GAGTGG_GGCTCAATGATGCAGG': matched 1391 sample loci to 1381 catalog loci; wrote 13324 records.
Sample 'GAGTGG_GGCTGAGCCATGCAGG': matched 1450 sample loci to 1439 catalog loci; wrote 11457 records.
Sample 'GAGTGG_GGCTGGCATATGCAGG': matched 1387 sample loci to 1374 catalog loci; wrote 11496 records.
Sample 'GAGTGG_GGGAACAGGCTGCAGG': matched 1546 sample loci to 1531 catalog loci; wrote 13443 records.
Sample 'GAGTGG_GGGAATCTGATGCAGG': matched 1543 sample loci to 1531 catalog loci; wrote 13066 records.
Sample 'GAGTGG_GGGAGCTGAATGCAGG': matched 1592 sample loci to 1582 catalog loci; wrote 11907 records.
Sample 'GAGTGG_GGGATAGACATGCAGG': matched 1323 sample loci to 1319 catalog loci; wrote 9597 records.
Sample 'GAGTGG_GGGCCACATATGCAGG': matched 1501 sample loci to 1489 catalog loci; wrote 11933 records.
Sample 'GAGTGG_GGGCGAGTAATGCAGG': matched 1526 sample loci to 1513 catalog loci; wrote 13019 records.
Sample 'GAGTGG_GGGCTAACGATGCAGG': matched 1461 sample loci to 1451 catalog loci; wrote 12719 records.
Sample 'GAGTGG_GGGCTCGGTATGCAGG': matched 1537 sample loci to 1529 catalog loci; wrote 14000 records.
Sample 'GAGTGG_GGGGAGAACATGCAGG': matched 1495 sample loci to 1481 catalog loci; wrote 12795 records.
Sample 'GAGTGG_GGGGTGCGAATGCAGG': matched 1640 sample loci to 1638 catalog loci; wrote 11925 records.
Sample 'GAGTGG_GGGTACGCAATGCAGG': matched 1483 sample loci to 1471 catalog loci; wrote 13966 records.
Sample 'GAGTGG_GGGTCGTAGATGCAGG': matched 1486 sample loci to 1473 catalog loci; wrote 13831 records.
Sample 'GAGTGG_GGGTGTTCTATGCAGG': matched 1679 sample loci to 1670 catalog loci; wrote 13837 records.
Sample 'GAGTGG_GGTAGGATGATGCAGG': matched 1565 sample loci to 1556 catalog loci; wrote 14048 records.
Sample 'GAGTGG_GGTATCAGCATGCAGG': matched 1341 sample loci to 1333 catalog loci; wrote 10969 records.
Sample 'GAGTGG_GGTCCGTCTATGCAGG': matched 1508 sample loci to 1497 catalog loci; wrote 13015 records.
Sample 'GAGTGG_GGTCTTCACATGCAGG': matched 1455 sample loci to 1446 catalog loci; wrote 14114 records.
Sample 'GAGTGG_GGTGAAGAGATGCAGG': matched 1519 sample loci to 1508 catalog loci; wrote 12392 records.
Sample 'GAGTGG_GGTGGAACAATGCAGG': matched 1527 sample loci to 1521 catalog loci; wrote 12092 records.
Sample 'GAGTGG_GGTGGCTTCATGCAGG': matched 1542 sample loci to 1533 catalog loci; wrote 12956 records.
Sample 'GAGTGG_GGTGGTGGTATGCAGG': matched 1219 sample loci to 1209 catalog loci; wrote 14830 records.
Sample 'GAGTGG_GGTTCACGCATGCAGG': matched 1494 sample loci to 1480 catalog loci; wrote 12445 records.
Sample 'CGTACG_GGAATGTTGCTGCAGG': matched 1340 sample loci to 1333 catalog loci; wrote 15991 records.
Sample 'CGTACG_GGACACGAGATGCAGG': matched 1559 sample loci to 1548 catalog loci; wrote 11876 records.
Sample 'CGTACG_GGACAGATTCTGCAGG': matched 1706 sample loci to 1702 catalog loci; wrote 13853 records.
Sample 'CGTACG_GGAGTCAAGCTGCAGG': matched 1255 sample loci to 1245 catalog loci; wrote 16001 records.
Sample 'CGTACG_GGATAGCGACTGCAGG': matched 1089 sample loci to 1074 catalog loci; wrote 16676 records.
Sample 'CGTACG_GGCTGGCATATGCAGG': matched 1318 sample loci to 1314 catalog loci; wrote 13405 records.
Sample 'CGTACG_GGGAACAGGCTGCAGG': matched 1782 sample loci to 1779 catalog loci; wrote 14599 records.
Sample 'CGTACG_GGGAATCTGATGCAGG': matched 1138 sample loci to 1132 catalog loci; wrote 14092 records.
Sample 'CGTACG_GGGAGCTGAATGCAGG': matched 1035 sample loci to 1030 catalog loci; wrote 13196 records.
Sample 'CGTACG_GGGCCAAGACTGCAGG': matched 1486 sample loci to 1481 catalog loci; wrote 15742 records.
Sample 'CGTACG_GGGCCACATATGCAGG': matched 1176 sample loci to 1169 catalog loci; wrote 14513 records.
Sample 'CGTACG_GGGCGAGTAATGCAGG': matched 1333 sample loci to 1328 catalog loci; wrote 14149 records.
Sample 'CGTACG_GGGGTGCGAATGCAGG': matched 992 sample loci to 988 catalog loci; wrote 16512 records.
Sample 'CGTACG_GGTATCAGCATGCAGG': matched 1202 sample loci to 1193 catalog loci; wrote 14623 records.
Sample 'CGTACG_GGTCCGTCTATGCAGG': matched 1076 sample loci to 1075 catalog loci; wrote 16301 records.
Sample 'CGTACG_GGTCTTCACATGCAGG': matched 917 sample loci to 915 catalog loci; wrote 15177 records.
Sample 'CGTACG_GGTGGAACAATGCAGG': matched 1524 sample loci to 1512 catalog loci; wrote 15356 records.
Sample 'CGTACG_GGTGGCTTCATGCAGG': matched 1373 sample loci to 1363 catalog loci; wrote 14168 records.
Sample 'CGTACG_GGTGGTGGTATGCAGG': matched 1638 sample loci to 1636 catalog loci; wrote 14115 records.
Sample 'CGTACG_GGTTCACGCATGCAGG': matched 1637 sample loci to 1634 catalog loci; wrote 15663 records.
Sample 'GAGTGG_GGAAACATCGTGCAGG': matched 1369 sample loci to 1358 catalog loci; wrote 11572 records.
Sample 'GAGTGG_GGAACAACCATGCAGG': matched 1248 sample loci to 1229 catalog loci; wrote 10864 records.
Sample 'GAGTGG_GGAACCGAGATGCAGG': matched 1160 sample loci to 1155 catalog loci; wrote 12787 records.
Sample 'GAGTGG_GGAACGAACGTGCAGG': matched 1422 sample loci to 1412 catalog loci; wrote 11185 records.
Sample 'GAGTGG_GGAACGCTTATGCAGG': matched 1347 sample loci to 1330 catalog loci; wrote 12382 records.
Sample 'GAGTGG_GGAACGTGATTGCAGG': matched 1312 sample loci to 1303 catalog loci; wrote 11807 records.
Sample 'GAGTGG_GGAAGACGGATGCAGG': matched 1214 sample loci to 1203 catalog loci; wrote 13462 records.
Sample 'GAGTGG_GGACAAGCTATGCAGG': matched 1341 sample loci to 1329 catalog loci; wrote 11634 records.
Sample 'GAGTGG_GGACACAGAATGCAGG': matched 1318 sample loci to 1310 catalog loci; wrote 13670 records.
Sample 'GAGTGG_GGACAGCAGATGCAGG': matched 1347 sample loci to 1330 catalog loci; wrote 11672 records.
Sample 'GAGTGG_GGACATTGGCTGCAGG': matched 1331 sample loci to 1315 catalog loci; wrote 11574 records.
Sample 'GAGTGG_GGACCACTGTTGCAGG': matched 1367 sample loci to 1356 catalog loci; wrote 11251 records.
Sample 'GAGTGG_GGACCTCCAATGCAGG': matched 1327 sample loci to 1316 catalog loci; wrote 12614 records.
Sample 'GAGTGG_GGACGCTCGATGCAGG': matched 1123 sample loci to 1116 catalog loci; wrote 13205 records.
Sample 'GAGTGG_GGACGTATCATGCAGG': matched 1153 sample loci to 1141 catalog loci; wrote 9598 records.
Sample 'GAGTGG_GGACTATGCATGCAGG': matched 1138 sample loci to 1129 catalog loci; wrote 12441 records.
Sample 'GAGTGG_GGAGAGTCAATGCAGG': matched 1156 sample loci to 1144 catalog loci; wrote 9443 records.
Sample 'GAGTGG_GGAGATCGCATGCAGG': matched 1168 sample loci to 1156 catalog loci; wrote 9542 records.
Sample 'GAGTGG_GGAGCAGGAATGCAGG': matched 1215 sample loci to 1194 catalog loci; wrote 10239 records.
Sample 'GAGTGG_GGAGTACAAGTGCAGG': matched 1225 sample loci to 1213 catalog loci; wrote 10811 records.
Sample 'GAGTGG_GGAGTCACTATGCAGG': matched 1103 sample loci to 1097 catalog loci; wrote 12673 records.
Sample 'GAGTGG_GGAGTGGTCATGCAGG': matched 1284 sample loci to 1276 catalog loci; wrote 11460 records.
Sample 'GAGTGG_GGATCCTGTATGCAGG': matched 1171 sample loci to 1155 catalog loci; wrote 9983 records.
Sample 'GAGTGG_GGATGCCTAATGCAGG': matched 1359 sample loci to 1342 catalog loci; wrote 11552 records.
Sample 'GAGTGG_GGATTGAGGATGCAGG': matched 1274 sample loci to 1263 catalog loci; wrote 10808 records.
Sample 'GAGTGG_GGCAACCACATGCAGG': matched 1208 sample loci to 1197 catalog loci; wrote 10406 records.
Sample 'GAGTGG_GGCAATGGAATGCAGG': matched 1309 sample loci to 1292 catalog loci; wrote 11244 records.
Sample 'GAGTGG_GGCACTTCGATGCAGG': matched 950 sample loci to 936 catalog loci; wrote 11171 records.
Sample 'GAGTGG_GGCAGATCTGTGCAGG': matched 1575 sample loci to 1571 catalog loci; wrote 13789 records.
Sample 'GAGTGG_GGCAGCGTTATGCAGG': matched 1396 sample loci to 1373 catalog loci; wrote 12737 records.
Sample 'GAGTGG_GGCATACCAATGCAGG': matched 1297 sample loci to 1287 catalog loci; wrote 12801 records.
Sample 'GAGTGG_GGCATCAAGTTGCAGG': matched 1281 sample loci to 1271 catalog loci; wrote 11567 records.
Sample 'GAGTGG_GGCCAGTTCATGCAGG': matched 1145 sample loci to 1130 catalog loci; wrote 9670 records.
Sample 'GAGTGG_GGCCGAAGTATGCAGG': matched 1117 sample loci to 1109 catalog loci; wrote 13395 records.
Sample 'GAGTGG_GGCCGTGAGATGCAGG': matched 1063 sample loci to 1032 catalog loci; wrote 9142 records.
Sample 'GAGTGG_GGCCTCCTGATGCAGG': matched 1228 sample loci to 1211 catalog loci; wrote 10799 records.
Sample 'GAGTGG_GGCGAACTTATGCAGG': matched 1009 sample loci to 996 catalog loci; wrote 8836 records.
Sample 'GTTTCG_GGAAACATCGTGCAGG': matched 1661 sample loci to 1654 catalog loci; wrote 14896 records.
Sample 'GTTTCG_GGAACAACCATGCAGG': matched 1580 sample loci to 1577 catalog loci; wrote 11077 records.
Sample 'GTTTCG_GGAACGAACGTGCAGG': matched 1554 sample loci to 1553 catalog loci; wrote 10707 records.
Sample 'GTTTCG_GGAACGCTTATGCAGG': matched 1732 sample loci to 1724 catalog loci; wrote 14337 records.
Sample 'GTTTCG_GGAACGTGATTGCAGG': matched 1548 sample loci to 1539 catalog loci; wrote 14070 records.
Sample 'GTTTCG_GGAAGACGGATGCAGG': matched 1177 sample loci to 1175 catalog loci; wrote 15905 records.
Sample 'GTTTCG_GGAAGGTACATGCAGG': matched 1551 sample loci to 1548 catalog loci; wrote 10947 records.
Sample 'GTTTCG_GGACAAGCTATGCAGG': matched 1183 sample loci to 1180 catalog loci; wrote 14924 records.
Sample 'GTTTCG_GGACATTGGCTGCAGG': matched 1501 sample loci to 1493 catalog loci; wrote 15820 records.
Sample 'GTTTCG_GGACCACTGTTGCAGG': matched 1442 sample loci to 1437 catalog loci; wrote 10144 records.
Sample 'GTTTCG_GGACCTCCAATGCAGG': matched 1259 sample loci to 1259 catalog loci; wrote 17184 records.
Sample 'GTTTCG_GGAGAGTCAATGCAGG': matched 1050 sample loci to 1047 catalog loci; wrote 15486 records.
Sample 'GTTTCG_GGAGATCGCATGCAGG': matched 947 sample loci to 943 catalog loci; wrote 14665 records.
Sample 'GTTTCG_GGAGCAGGAATGCAGG': matched 1142 sample loci to 1134 catalog loci; wrote 14211 records.
Sample 'GTTTCG_GGAGTACAAGTGCAGG': matched 1628 sample loci to 1619 catalog loci; wrote 11970 records.
Sample 'GTTTCG_GGAGTCACTATGCAGG': matched 893 sample loci to 888 catalog loci; wrote 14721 records.
Sample 'GTTTCG_GGAGTGGTCATGCAGG': matched 1748 sample loci to 1739 catalog loci; wrote 13518 records.
Sample 'GTTTCG_GGATCCTGTATGCAGG': matched 993 sample loci to 984 catalog loci; wrote 14146 records.
Sample 'GTTTCG_GGATGCCTAATGCAGG': matched 1063 sample loci to 1059 catalog loci; wrote 16614 records.
Sample 'GTTTCG_GGATTGAGGATGCAGG': matched 1474 sample loci to 1472 catalog loci; wrote 15935 records.
Sample 'GTTTCG_GGCAACCACATGCAGG': matched 1101 sample loci to 1095 catalog loci; wrote 15604 records.
Sample 'GTTTCG_GGCAGATCTGTGCAGG': matched 1406 sample loci to 1402 catalog loci; wrote 16629 records.
Sample 'GTTTCG_GGCATCAAGTTGCAGG': matched 1572 sample loci to 1557 catalog loci; wrote 12963 records.
Sample 'GTTTCG_GGCCAGTTCATGCAGG': matched 1121 sample loci to 1116 catalog loci; wrote 15450 records.
Sample 'GTTTCG_GGCCGTGAGATGCAGG': matched 1384 sample loci to 1374 catalog loci; wrote 15048 records.
Sample 'GTTTCG_GGCGAACTTATGCAGG': matched 1415 sample loci to 1403 catalog loci; wrote 15037 records.
Sample 'GTTTCG_GGCGACTGGATGCAGG': matched 1014 sample loci to 1011 catalog loci; wrote 16748 records.
Sample 'GTTTCG_GGCGCATACATGCAGG': matched 991 sample loci to 983 catalog loci; wrote 14986 records.
Sample 'GTTTCG_GGCGCTGATCTGCAGG': matched 1717 sample loci to 1712 catalog loci; wrote 14241 records.
Sample 'GTTTCG_GGCTCAATGATGCAGG': matched 1198 sample loci to 1193 catalog loci; wrote 15474 records.
Sample 'GTTTCG_GGCTGAGCCATGCAGG': matched 1221 sample loci to 1214 catalog loci; wrote 14977 records.
Sample 'GTTTCG_GGCTGGCATATGCAGG': matched 1314 sample loci to 1305 catalog loci; wrote 13331 records.
Sample 'GTTTCG_GGGAATCTGATGCAGG': matched 1540 sample loci to 1538 catalog loci; wrote 11671 records.
Sample 'GTTTCG_GGGAGCTGAATGCAGG': matched 1369 sample loci to 1358 catalog loci; wrote 14473 records.
Sample 'GTTTCG_GGGATAGACATGCAGG': matched 1339 sample loci to 1333 catalog loci; wrote 14119 records.
Sample 'GTTTCG_GGGCCACATATGCAGG': matched 1401 sample loci to 1393 catalog loci; wrote 15225 records.
Sample 'GTTTCG_GGGCGAGTAATGCAGG': matched 1533 sample loci to 1523 catalog loci; wrote 15242 records.
Sample 'GTTTCG_GGGCTAACGATGCAGG': matched 1516 sample loci to 1501 catalog loci; wrote 15027 records.
Sample 'GTTTCG_GGGGAGAACATGCAGG': matched 1501 sample loci to 1497 catalog loci; wrote 17099 records.
Sample 'GTTTCG_GGGTCGTAGATGCAGG': matched 1571 sample loci to 1565 catalog loci; wrote 16464 records.
Sample 'GTTTCG_GGGTCTGTCATGCAGG': matched 1191 sample loci to 1191 catalog loci; wrote 16942 records.
Sample 'GTTTCG_GGGTGTTCTATGCAGG': matched 1816 sample loci to 1809 catalog loci; wrote 14746 records.
Sample 'GTTTCG_GGTAGGATGATGCAGG': matched 1425 sample loci to 1413 catalog loci; wrote 15461 records.
Sample 'GTTTCG_GGACACGAGATGCAGG': matched 1796 sample loci to 1793 catalog loci; wrote 15835 records.
Sample 'GTTTCG_GGTATCAGCATGCAGG': matched 1497 sample loci to 1496 catalog loci; wrote 10270 records.
Sample 'GTTTCG_GGTCCGTCTATGCAGG': matched 1865 sample loci to 1864 catalog loci; wrote 12974 records.
Sample 'GTTTCG_GGTCTTCACATGCAGG': matched 1698 sample loci to 1694 catalog loci; wrote 11781 records.
Sample 'GTTTCG_GGTGAAGAGATGCAGG': matched 1812 sample loci to 1809 catalog loci; wrote 13686 records.
Sample 'GTTTCG_GGTGGCTTCATGCAGG': matched 1730 sample loci to 1730 catalog loci; wrote 13933 records.
Sample 'GTTTCG_GGTGGTGGTATGCAGG': matched 1407 sample loci to 1406 catalog loci; wrote 17321 records.
Sample 'GTTTCG_GGTTCACGCATGCAGG': matched 1862 sample loci to 1862 catalog loci; wrote 12882 records.

tsv2bam is done.
